=====================================================
	AUDITORIA DE TELEMETRIA - BINARIO TECH
	Data/Hora: Wed Aug 26 11:35:23 PM UTC 2026
=====================================================

[1] Testando Rota Scania...
{
  "montadora": "Scania",
  "modelo": "8450",
  "status": "OK",
  "conexao": true,
  "velocidade_media": 82
}

[2] Testando Rota Mercedes-Benz...
{
  "montadora": "Mercedes-Benz",
  "modelo": "Actros",
  "status": "OK",
  "conexao": true,
  "velocidade_media": 78
}

[3] Testando Rota Volkswagen...
{
  "montadora": "Volkswagen",
  "modelo": "Delivery",
  "status": "ALERTA",
  "conexao": false,
  "velocidade_media": 0
}

-------------------------------------------
Auditoria Finalizada
